I'm sorry, but errors were detected in your script. Please correct the
errors listed below, and try again.


File "game/mini games.rpy", line 358: expected statement.
(Perhaps you left out a ' at the end of the first line.)
    p '''
        
        '''

Ren'Py Version: Ren'Py 8.0.3.22090809
Fri May 12 21:33:14 2023
